// Jest Snapshot v1, https://goo.gl/fbAQLP

exports[`test for Input component should be like the snaptshot 1`] = `
<input
  class="app-input"
  label="todo item"
  placeholder=" Write something you need to do"
/>
`;
